// Jest Snapshot v1, https://goo.gl/fbAQLP

exports[`display countries components snapshot renders properly 1`] = `
<div
  className="h-full"
>
  <div
    className="bg-[#2d4474] shadow-lg py-3 px-10 flex justify-between"
  >
    <h1
      className="font-bold text-white"
    >
      Where is the world?
    </h1>
    <h3
      className="text-white"
    >
      Dark Mode
    </h3>
  </div>
  <div
    className="p-10 md:p-20"
  >
    <div
      className="mb-10 flex flex-col gap-y-3 md:flex-row justify-between "
    >
      <input
        className="w-160 md:w-80 rounded p-2 shadow-lg "
        onChange={[Function]}
        placeholder="Search for a country"
        type="text"
      />
    </div>
    <div
      className="grid grid-cols-1 md:grid-cols-4 gap-16 w-full"
    />
  </div>
</div>
`;
